83.28125
83.28125
66.71875
33.28125
66.71875
