83.28125
83.28125
100.0
33.28125
50.078124999999993
