58.281249999999993
83.28125
100.0
16.640625
58.359375
