0.41249999999999998,0.33437499999999998,0.44062499999999999,0.46250000000000002,0.453125
0.6875,0.62187499999999996,0.69062500000000004,0.62812500000000004,0.64687499999999998
nan,nan,nan,nan,nan
