0.44374999999999998,0.453125,0.41875000000000001,0.52187499999999998,0.421875
0.63749999999999996,0.64687499999999998,0.67500000000000004,0.69999999999999996,0.70937499999999998
nan,nan,nan,nan,nan
