84.015748031496059,83.28125,82.401315789473685,50.039093041438619,66.45817044566067
