66.796875,83.215130023640654,83.28125,25.0,66.640625
