66.097750193948798,82.578125,58.281249999999993,25.0,58.281249999999993
